
> mcp-from-openapi@0.1.0 test
> vitest --run


 RUN  v2.1.9 /home/davidr/GitLab/AI-Adoption/mcp-from-openapi

 ✓ src/schema-validator.test.ts (9 tests) 15ms
 ✓ src/logger.test.ts (9 tests) 49ms
 ✓ src/tool-generator.test.ts (7 tests) 545ms
 ✓ src/profile-loader.test.ts (4 tests) 37ms
 ✓ src/openapi-parser.test.ts (8 tests) 634ms
stderr | src/testing/integration.test.ts > Integration Tests
[2025-10-17T13:52:21.268Z] INFO: Loaded OpenAPI spec {"specPath":"/home/davidr/GitLab/AI-Adoption/mcp-from-openapi/gitlab-openapi.yaml"}

stderr | src/testing/integration.test.ts > Integration Tests
[2025-10-17T13:52:21.278Z] INFO: Loaded profile {"profile":"gitlab-developer","toolCount":5}
[2025-10-17T13:52:21.278Z] INFO: MCP server initialized {"baseUrl":"https://gitlab.com/api/v4","toolCount":5}

 ✓ src/testing/integration.test.ts (21 tests) 6463ms
   ✓ Integration Tests > manage_project_badges > should return 404 for non-existent badge 3014ms
   ✓ Integration Tests > manage_branches > should not delete default branch 3012ms

 Test Files  6 passed (6)
      Tests  58 passed (58)
   Start at  15:52:19
   Duration  8.28s (transform 706ms, setup 0ms, collect 2.35s, tests 7.74s, environment 2ms, prepare 1.40s)

